<html>
<body>
<pre>
<h1>µVision Build Log</h1>
<h2>Tool Versions:</h2>
IDE-Version: ¦ÌVision V5.24.2.0
Copyright (C) 2017 ARM Ltd and ARM Germany GmbH. All rights reserved.
License Information: c51 2742239, HP Inc., LIC=X96CK-ZC2DX-X7RRZ-J6UWX-06QJ3-TCQMP
 
Tool Versions:
Toolchain:       MDK-ARM Plus  Version: 5.24.1
Toolchain Path:  F:\c51\ARM\ARMCC\Bin
C Compiler:      Armcc.exe V5.06 update 5 (build 528)
Assembler:       Armasm.exe V5.06 update 5 (build 528)
Linker/Locator:  ArmLink.exe V5.06 update 5 (build 528)
Library Manager: ArmAr.exe V5.06 update 5 (build 528)
Hex Converter:   FromElf.exe V5.06 update 5 (build 528)
CPU DLL:         SARMCM3.DLL V5.24.1
Dialog DLL:      DCM.DLL V1.16.0.0
Target DLL:      STLink\ST-LINKIII-KEIL_SWO.dll V3.0.1.0
Dialog DLL:      TCM.DLL V1.32.0.0
 
<h2>Project:</h2>
d:\ov\OV_Watch_PL\Software\OV_Watch\MDK-ARM\OV_Watch.uvprojx
Project File Date:  06/08/2026

<h2>Output:</h2>
*** Using Compiler 'V5.06 update 5 (build 528)', folder: 'F:\c51\ARM\ARMCC\Bin'
Rebuild target 'OV_Watch'
assembling startup_stm32f411xe.s...
compiling stm32f4xx_it.c...
compiling stm32f4xx_hal_msp.c...
compiling tim.c...
compiling usart.c...
compiling crc.c...
compiling spi.c...
compiling dma.c...
compiling stm32f4xx_hal_timebase_tim.c...
compiling rtc.c...
compiling adc.c...
compiling gpio.c...
compiling freertos.c...
compiling main.c...
compiling stm32f4xx_hal_flash_ramfunc.c...
compiling stm32f4xx_hal_pwr.c...
compiling stm32f4xx_hal_flash_ex.c...
compiling stm32f4xx_hal_gpio.c...
compiling stm32f4xx_hal_flash.c...
compiling stm32f4xx_hal_rcc_ex.c...
compiling stm32f4xx_hal_adc_ex.c...
compiling stm32f4xx_hal_dma.c...
compiling stm32f4xx_hal_rcc.c...
compiling stm32f4xx_hal_adc.c...
compiling stm32f4xx_hal_dma_ex.c...
compiling stm32f4xx_hal_tim_ex.c...
compiling croutine.c...
compiling event_groups.c...
compiling list.c...
compiling stream_buffer.c...
compiling queue.c...
compiling stm32f4xx_hal_tim.c...
compiling timers.c...
compiling heap_4.c...
compiling tasks.c...
compiling port.c...
compiling stm32f4xx_hal.c...
compiling stm32f4xx_hal_pwr_ex.c...
compiling stm32f4xx_hal_exti.c...
compiling stm32f4xx_hal_crc.c...
compiling stm32f4xx_hal_cortex.c...
compiling system_stm32f4xx.c...
compiling stm32f4xx_hal_rtc.c...
compiling stm32f4xx_hal_rtc_ex.c...
compiling stm32f4xx_hal_spi.c...
compiling stm32f4xx_hal_uart.c...
compiling HWDataAccess.c...
..\User\Func\Src\HWDataAccess.c(262): warning:  #68-D: integer conversion resulted in a change of sign
  	return -1;
..\User\Func\Src\HWDataAccess.c(356): warning:  #68-D: integer conversion resulted in a change of sign
  	return -1;
..\User\Func\Src\HWDataAccess.c(398): warning:  #68-D: integer conversion resulted in a change of sign
  	return -1;
..\User\Func\Src\HWDataAccess.c(421): warning:  #68-D: integer conversion resulted in a change of sign
  	return -1;
..\User\Func\Src\HWDataAccess.c(459): warning:  #68-D: integer conversion resulted in a change of sign
  	return -1;
..\User\Func\Src\HWDataAccess.c: 5 warnings, 0 errors
compiling delay.c...
compiling cmsis_os2.c...
compiling lcd_init.c...
compiling user_TasksInit.c...
compiling user_HardwareInitTask.c...
compiling lcd.c...
..\Drivers\BSP\LCD\lcd.c(41): warning:  #177-D: variable "i"  was declared but never referenced
  	u16 i,j,width,height;
..\Drivers\BSP\LCD\lcd.c(41): warning:  #177-D: variable "j"  was declared but never referenced
  	u16 i,j,width,height;
..\Drivers\BSP\LCD\lcd.c: 2 warnings, 0 errors
linking...
Program Size: Code=17400 RO-data=520 RW-data=156 ZI-data=20972  
FromELF: creating hex file...
"OV_Watch\OV_Watch.axf" - 0 Error(s), 7 Warning(s).

<h2>Software Packages used:</h2>

Package Vendor: ARM
                http://www.keil.com/pack/ARM.CMSIS.5.0.1.pack
                ARM.CMSIS.5.0.1
                CMSIS (Cortex Microcontroller Software Interface Standard)
   * Component: CORE Version: 5.0.1

Package Vendor: Keil
                http://www.keil.com/pack/Keil.STM32F4xx_DFP.2.7.0.pack
                Keil.STM32F4xx_DFP.2.7.0
                STMicroelectronics STM32F4 Series Device Support, Drivers and Examples

<h2>Collection of Component include folders:</h2>
  .\RTE\_OV_Watch
  F:\c51\ARM\PACK\ARM\CMSIS\5.0.1\CMSIS\Include
  F:\c51\ARM\PACK\Keil\STM32F4xx_DFP\2.7.0\Drivers\CMSIS\Device\ST\STM32F4xx\Include

<h2>Collection of Component Files used:</h2>

   * Component: ARM::CMSIS:CORE:5.0.1
Build Time Elapsed:  00:00:07
</pre>
</body>
</html>
